
> frontend@0.1.0 build
> next build

▲ Next.js 16.1.6 (Turbopack)
- Environments: .env.local

  Creating an optimized production build ...
✓ Compiled successfully in 5.9s
  Running TypeScript ...
node.exe : Failed to compile.
At line:1 char:1
+ & "C:\Program Files\nodejs/node.exe" "C:\Users\Admin\AppData\Roaming\ ...
+ ~~~~~~~~~~~~~~~~~~~~~~~~~~~~~~~~~~~~~~~~~~~~~~~~~~~~~~~~~~~~~~~~~~~~~
    + CategoryInfo          : NotSpecified: (Failed to compile.:String) [], R 
   emoteException
    + FullyQualifiedErrorId : NativeCommandError
 

./src/app/dashboard/history/page.tsx:97:15
Type error: An object literal cannot have multiple properties with the same 
name.

[0m [90m  95 |[39m               background[33m:[39m filter 
[33m===[39m f[33m.[39mid [33m?[39m [32m"rgba(108,99,255,0.2)"[39m 
[33m:[39m [32m"rgba(255,255,255,0.04)"[39m[33m,[39m
 [90m  96 |[39m               color[33m:[39m filter [33m===[39m 
f[33m.[39mid [33m?[39m [32m"#9B95FF"[39m [33m:[39m 
[32m"var(--text-muted)"[39m[33m,[39m
[31m[1m>[22m[39m[90m  97 |[39m               border[33m:[39m filter 
[33m===[39m f[33m.[39mid [33m?[39m [32m"1px solid 
rgba(108,99,255,0.3)"[39m [33m:[39m [32m"1px solid 
rgba(255,255,255,0.06)"[39m[33m,[39m
 [90m     |[39m               [31m[1m^[22m[39m
 [90m  98 |[39m               transition[33m:[39m [32m"all 
0.2s"[39m[33m,[39m
 [90m  99 |[39m             }}[33m>[39m
 [90m 100 |[39m             {f[33m.[39micon} {f[33m.[39mlabel}[0m
Next.js build worker exited with code: 1 and signal: null
