
> frontend@0.1.0 build
> cross-env NEXT_PRIVATE_SKIP_TURBOPACK=1 next build

node.exe : ⚠ Warning: Next.js inferred your workspace root, but it may not be correct.
At line:1 char:1
+ & "C:\Program Files\nodejs/node.exe" "C:\Users\Admin\AppData\Roaming\ ...
+ ~~~~~~~~~~~~~~~~~~~~~~~~~~~~~~~~~~~~~~~~~~~~~~~~~~~~~~~~~~~~~~~~~~~~~
    + CategoryInfo          : NotSpecified: (⚠ Warning: Next...not be correct.:String) [], RemoteException
    + FullyQualifiedErrorId : NativeCommandError
 
 We detected multiple lockfiles and selected the directory of C:\Users\Admin\Downloads\Desktop\Project\TulasiAI\package-lock.json as the root directory.
 To silence this warning, set `turbopack.root` in your Next.js config, or consider removing one of the lockfiles if it's not needed.
   See https://nextjs.org/docs/app/api-reference/config/next-config-js/turbopack#root-directory for more information.
 Detected additional lockfiles: 
   * C:\Users\Admin\Downloads\Desktop\Project\TulasiAI\frontend\package-lock.json

▲ Next.js 16.1.6 (Turbopack)
- Environments: .env.local
- Experiments (use with caution):
  · optimizePackageImports

  Creating an optimized production build ...
✓ Compiled successfully in 7.1s
  Running TypeScript ...
  Collecting page data using 7 workers ...
  Generating static pages using 7 workers (0/56) ...
  Generating static pages using 7 workers (14/56) 
  Generating static pages using 7 workers (28/56) 
  Generating static pages using 7 workers (42/56) 
✓ Generating static pages using 7 workers (56/56) in 761.4ms
  Finalizing page optimization ...

Route (app)
┌ ○ /
├ ○ /_not-found
├ ○ /about
├ ○ /admin
├ ƒ /api/cron
├ ƒ /api/cron/keep-alive
├ ƒ /api/health
├ ○ /auth
├ ○ /auth/callback
├ ○ /blog
├ ○ /chat
├ ○ /contact
├ ○ /dashboard
├ ○ /dashboard/analytics
├ ○ /dashboard/api-status
├ ○ /dashboard/billing
├ ○ /dashboard/career-gps
├ ○ /dashboard/certificates
├ ○ /dashboard/chat
├ ○ /dashboard/code
├ ○ /dashboard/company-prep
├ ○ /dashboard/daily-challenge
├ ○ /dashboard/flashcards
├ ○ /dashboard/groups
├ ○ /dashboard/hackathons
├ ○ /dashboard/history
├ ○ /dashboard/internships
├ ○ /dashboard/interview
├ ○ /dashboard/leaderboard
├ ○ /dashboard/messages
├ ○ /dashboard/next-action
├ ○ /dashboard/pdf-qa
├ ○ /dashboard/platform-guides
├ ○ /dashboard/prep-plan
├ ○ /dashboard/pricing
├ ○ /dashboard/profile
├ ○ /dashboard/projects
├ ○ /dashboard/resume
├ ○ /dashboard/resume/history
├ ○ /dashboard/rewards
├ ○ /dashboard/roadmaps
├ ○ /dashboard/salary-intel
├ ○ /dashboard/startup-lab
├ ○ /dashboard/streak
├ ○ /dashboard/study-rooms
├ ○ /dashboard/system-design
├ ○ /dashboard/voice
├ ○ /dashboard/youtube-learning
├ ○ /opengraph-image.png
├ ○ /privacy
├ ○ /robots.txt
├ ○ /security
├ ○ /sitemap.xml
└ ○ /terms


○  (Static)   prerendered as static content
ƒ  (Dynamic)  server-rendered on demand

